Microchip MPLAB XC8 Compiler V1.38 ()

Linker command line:

-W-3 --edf=E:\softwore\MPLABX\dat\en_msgs.txt -cs \
  -h+dist/default/debug\C_project.X.debug.sym \
  --cmf=dist/default/debug\C_project.X.debug.cmf -z -Q16F1786 \
  -oC:\Users\yizii\AppData\Local\Temp\s7hc.2 \
  -Mdist/default/debug/C_project.X.debug.map -E1 -ver=XC8 \
  -ASTACK=0202Ah-023efh -pstack=STACK -ACODE=00h-07FFhx4 \
  -ASTRCODE=00h-01FFFh -ASTRING=00h-0FFhx32 -ACONST=00h-0FFhx32 \
  -AENTRY=00h-0FFhx32 -ACOMMON=070h-07Fh -ABANK0=020h-06Fh \
  -ABANK1=0A0h-0EFh -ABANK2=0120h-016Fh -ABANK3=01A0h-01EFh \
  -ABANK4=0220h-026Fh -ABANK5=02A0h-02EFh -ABANK6=0320h-036Fh \
  -ABANK7=03A0h-03EFh -ABANK8=0420h-046Fh -ABANK9=04A0h-04EFh \
  -ABANK10=0520h-056Fh -ABANK11=05A0h-05EFh -ABANK12=0620h-064Fh \
  -ABIGRAM=02000h-023EFh \
  -ARAM=020h-06Fh,0A0h-0EFh,0120h-016Fh,01A0h-01EFh,0220h-026Fh,02A0h-02EFh,0320h-036Fh,03A0h-03EFh,0420h-046Fh,04A0h-04EFh,0520h-056Fh,05A0h-05EFh,0620h-064Fh \
  -AABS1=020h-07Fh,0A0h-0EFh,0120h-016Fh,01A0h-01EFh,0220h-026Fh,02A0h-02EFh,0320h-036Fh,03A0h-03EFh,0420h-046Fh,04A0h-04EFh,0520h-056Fh,05A0h-05EFh,0620h-064Fh \
  -ASFR0=00h-01Fh -ASFR1=080h-09Fh -ASFR2=0100h-011Fh -ASFR3=0180h-019Fh \
  -ASFR4=0200h-021Fh -ASFR5=0280h-029Fh -ASFR6=0300h-031Fh \
  -ASFR7=0380h-039Fh -ASFR8=0400h-041Fh -ASFR9=0480h-049Fh \
  -ASFR10=0500h-051Fh -ASFR11=0580h-059Fh -ASFR12=0600h-061Fh \
  -ASFR13=0680h-06EFh -ASFR14=0700h-076Fh -ASFR15=0780h-07EFh \
  -ASFR16=0800h-086Fh -ASFR17=0880h-08EFh -ASFR18=0900h-096Fh \
  -ASFR19=0980h-09EFh -ASFR20=0A00h-0A6Fh -ASFR21=0A80h-0AEFh \
  -ASFR22=0B00h-0B6Fh -ASFR23=0B80h-0BEFh -ASFR24=0C00h-0C6Fh \
  -ASFR25=0C80h-0CEFh -ASFR26=0D00h-0D6Fh -ASFR27=0D80h-0DEFh \
  -ASFR28=0E00h-0E6Fh -ASFR29=0E80h-0EEFh -ASFR30=0F00h-0F6Fh \
  -ASFR31=0F80h-0FEFh -preset_vec=00h,intentry,init,end_init -ppowerup=CODE \
  -pcinit=CODE -pfunctab=CODE -ACONFIG=08007h-08008h -pconfig=CONFIG \
  -DCONFIG=2 -AIDLOC=08000h-08003h -pidloc=IDLOC -DIDLOC=2 \
  -AEEDATA=00h-0FFh/0F000h -peeprom_data=EEDATA -DEEDATA=2 -DCODE=2 \
  -DSTRCODE=2 -DSTRING=2 -DCONST=2 -DENTRY=2 -k \
  C:\Users\yizii\AppData\Local\Temp\s7hc.obj \
  dist/default/debug\C_project.X.debug.obj 

Object code version is 3.11

Machine type is 16F1786



                Name                               Link     Load   Length Selector   Space Scale
C:\Users\yizii\AppData\Local\Temp\s7hc.obj
                end_init                              3        3        2        0       0
                reset_vec                             0        0        3        0       0
                config                             8007     8007        2    1000E       0
dist/default/debug\C_project.X.debug.obj
                cinit                               7EC      7EC       14      FD8       0
                text18                              5F0      5F0       1D      BE0       0
                text17                              536      536        6      A6C       0
                text16                              60D      60D       2C      C1A       0
                text15                              5AD      5AD       15      B5A       0
                text14                              58B      58B       10      B16       0
                text13                              554      554        D      AA8       0
                text12                              67C      67C       48      CF8       0
                text11                              54A      54A        A      A94       0
                text10                              639      639       43      C72       0
                text9                               70C      70C       51      E18       0
                text8                               57C      57C        F      AF8       0
                text7                               6C4      6C4       48      D88       0
                text6                               5D8      5D8       18      BB0       0
                text5                               5C2      5C2       16      B84       0
                text4                               531      531        5      A62       0
                text3                               542      542        8      A84       0
                text2                               59B      59B       12      B36       0
                text1                               561      561        D      AC2       0
                maintext                            75D      75D       8F      EBA       0
                cstackBANK0                          20       20       14       20       1
                cstackCOMMON                         70       70        D       70       1
                inittext                            53C      53C        6      A78       0
                dataBANK0                            34       34        E       20       1
                bssBANK0                             42       42        6       20       1
                nvBANK0                              48       48        2       20       1
                stringtext                          800      800       16     1000       0
                idataBANK0                          56E      56E        E      ADC       0

TOTAL           Name                               Link     Load   Length     Space
        CLASS   STACK          

        CLASS   CODE           
                end_init                              3        3        2         0
                cinit                               7EC      7EC       14         0
                reset_vec                             0        0        3         0
                text18                              5F0      5F0       1D         0
                text17                              536      536        6         0
                text16                              60D      60D       2C         0
                text15                              5AD      5AD       15         0
                text14                              58B      58B       10         0
                text13                              554      554        D         0
                text12                              67C      67C       48         0
                text11                              54A      54A        A         0
                text10                              639      639       43         0
                text9                               70C      70C       51         0
                text8                               57C      57C        F         0
                text7                               6C4      6C4       48         0
                text6                               5D8      5D8       18         0
                text5                               5C2      5C2       16         0
                text4                               531      531        5         0
                text3                               542      542        8         0
                text2                               59B      59B       12         0
                text1                               561      561        D         0
                maintext                            75D      75D       8F         0
                inittext                            53C      53C        6         0
                idataBANK0                          56E      56E        E         0

        CLASS   STRCODE        
                stringtext                          800      800       16         0

        CLASS   STRING         

        CLASS   CONST          

        CLASS   ENTRY          

        CLASS   COMMON         
                cstackCOMMON                         70       70        D         1

        CLASS   BANK0          
                cstackBANK0                          20       20       14         1
                dataBANK0                            34       34        E         1
                bssBANK0                             42       42        6         1
                nvBANK0                              48       48        2         1

        CLASS   BANK1          

        CLASS   BANK2          

        CLASS   BANK3          

        CLASS   BANK4          

        CLASS   BANK5          

        CLASS   BANK6          

        CLASS   BANK7          

        CLASS   BANK8          

        CLASS   BANK9          

        CLASS   BANK10         

        CLASS   BANK11         

        CLASS   BANK12         

        CLASS   BIGRAM         

        CLASS   RAM            

        CLASS   ABS1           
                abs_s1                               7E       7E        2         1

        CLASS   SFR0           

        CLASS   SFR1           

        CLASS   SFR2           

        CLASS   SFR3           

        CLASS   SFR4           

        CLASS   SFR5           

        CLASS   SFR6           

        CLASS   SFR7           

        CLASS   SFR8           

        CLASS   SFR9           

        CLASS   SFR10          

        CLASS   SFR11          

        CLASS   SFR12          

        CLASS   SFR13          

        CLASS   SFR14          

        CLASS   SFR15          

        CLASS   SFR16          

        CLASS   SFR17          

        CLASS   SFR18          

        CLASS   SFR19          

        CLASS   SFR20          

        CLASS   SFR21          

        CLASS   SFR22          

        CLASS   SFR23          

        CLASS   SFR24          

        CLASS   SFR25          

        CLASS   SFR26          

        CLASS   SFR27          

        CLASS   SFR28          

        CLASS   SFR29          

        CLASS   SFR30          

        CLASS   SFR31          

        CLASS   CONFIG         
                config                             8007     8007        2         0

        CLASS   IDLOC          

        CLASS   EEDATA         

        CLASS   BANK31         

        CLASS   BANK30         

        CLASS   BANK29         

        CLASS   BANK28         

        CLASS   BANK27         

        CLASS   BANK26         

        CLASS   BANK25         

        CLASS   BANK24         

        CLASS   BANK23         

        CLASS   BANK22         

        CLASS   BANK21         

        CLASS   BANK20         

        CLASS   BANK19         

        CLASS   BANK18         

        CLASS   BANK17         

        CLASS   BANK16         

        CLASS   BANK15         

        CLASS   BANK14         

        CLASS   BANK13         



SEGMENTS        Name                           Load    Length   Top    Selector   Space  Class     Delta

                reset_vec                      000000  000005  000005         0       0  CODE        2
                cstackBANK0                    000020  00002A  00004A        20       1  BANK0       1
                cstackCOMMON                   000070  00000D  00007D        70       1  COMMON      1
                text4                          000531  000005  000536       A62       0  CODE        2
                text17                         000536  000006  00053C       A6C       0  CODE        2
                inittext                       00053C  000006  000542       A78       0  CODE        2
                text3                          000542  000008  00054A       A84       0  CODE        2
                text11                         00054A  00000A  000554       A94       0  CODE        2
                text13                         000554  00000D  000561       AA8       0  CODE        2
                text1                          000561  00000D  00056E       AC2       0  CODE        2
                idataBANK0                     00056E  00000E  00057C       ADC       0  CODE        2
                text8                          00057C  00000F  00058B       AF8       0  CODE        2
                text14                         00058B  000010  00059B       B16       0  CODE        2
                text2                          00059B  000012  0005AD       B36       0  CODE        2
                text15                         0005AD  000015  0005C2       B5A       0  CODE        2
                text5                          0005C2  000016  0005D8       B84       0  CODE        2
                text6                          0005D8  000018  0005F0       BB0       0  CODE        2
                text18                         0005F0  00001D  00060D       BE0       0  CODE        2
                text16                         00060D  00002C  000639       C1A       0  CODE        2
                text10                         000639  000043  00067C       C72       0  CODE        2
                text12                         00067C  000048  0006C4       CF8       0  CODE        2
                text7                          0006C4  000048  00070C       D88       0  CODE        2
                text9                          00070C  000051  00075D       E18       0  CODE        2
                maintext                       00075D  00008F  0007EC       EBA       0  CODE        2
                cinit                          0007EC  000014  000800       FD8       0  CODE        2
                stringtext                     000800  000016  000816      1000       0  STRCODE     2
                config                         008007  000002  008009     1000E       0  CONFIG      2


UNUSED ADDRESS RANGES

        Name                Unused          Largest block    Delta
        BANK0            0004A-0006F              26           1
        BANK1            000A0-000EF              50           1
        BANK10           00520-0056F              50           1
        BANK11           005A0-005EF              50           1
        BANK12           00620-0064F              30           1
        BANK2            00120-0016F              50           1
        BANK3            001A0-001EF              50           1
        BANK4            00220-0026F              50           1
        BANK5            002A0-002EF              50           1
        BANK6            00320-0036F              50           1
        BANK7            003A0-003EF              50           1
        BANK8            00420-0046F              50           1
        BANK9            004A0-004EF              50           1
        BIGRAM           02000-023EF             3F0           1
        CODE             00005-00530             52C           2
                         00816-01FFF             800
        COMMON           0007D-0007D               1           1
        CONST            00005-00530             100           2
                         00816-01FFF             100
        EEDATA           0F000-0F0FF             100           2
        ENTRY            00005-00530             100           2
                         00816-01FFF             100
        IDLOC            08000-08003               4           2
        RAM              0004A-0006F              26           1
                         000A0-000EF              50
                         00120-0016F              50
                         001A0-001EF              50
                         00220-0026F              50
                         002A0-002EF              50
                         00320-0036F              50
                         003A0-003EF              50
                         00420-0046F              50
                         004A0-004EF              50
                         00520-0056F              50
                         005A0-005EF              50
                         00620-0064F              30
        SFR0             00000-0001F              20           1
        SFR1             00080-0009F              20           1
        SFR10            00500-0051F              20           1
        SFR11            00580-0059F              20           1
        SFR12            00600-0061F              20           1
        SFR13            00680-006EF              70           1
        SFR14            00700-0076F              70           1
        SFR15            00780-007EF              70           1
        SFR16            00800-0086F              70           1
        SFR17            00880-008EF              70           1
        SFR18            00900-0096F              70           1
        SFR19            00980-009EF              70           1
        SFR2             00100-0011F              20           1
        SFR20            00A00-00A6F              70           1
        SFR21            00A80-00AEF              70           1
        SFR22            00B00-00B6F              70           1
        SFR23            00B80-00BEF              70           1
        SFR24            00C00-00C6F              70           1
        SFR25            00C80-00CEF              70           1
        SFR26            00D00-00D6F              70           1
        SFR27            00D80-00DEF              70           1
        SFR28            00E00-00E6F              70           1
        SFR29            00E80-00EEF              70           1
        SFR3             00180-0019F              20           1
        SFR30            00F00-00F6F              70           1
        SFR31            00F80-00FEF              70           1
        SFR4             00200-0021F              20           1
        SFR5             00280-0029F              20           1
        SFR6             00300-0031F              20           1
        SFR7             00380-0039F              20           1
        SFR8             00400-0041F              20           1
        SFR9             00480-0049F              20           1
        STACK            0202A-023EF             3C6           1
        STRCODE          00005-00530             52C           2
                         00816-01FFF            17EA
        STRING           00005-00530             100           2
                         00816-01FFF             100

                                  Symbol Table

?___awdiv                     cstackCOMMON 00070
DelayMS@delay                 cstackCOMMON 00070
DelayMS@i                     cstackCOMMON 00072
DelayUS@delay                 cstackCOMMON 00070
IIC_ReadByte@bytedata         cstackCOMMON 00072
IIC_ReadByte@i                cstackCOMMON 00073
IIC_Read_Mulit_Data@address   cstackCOMMON 00075
IIC_Read_Mulit_Data@addrpoint cstackCOMMON 00076
IIC_Read_Mulit_Data@bytenum   cstackCOMMON 00077
IIC_Read_Mulit_Data@commond   cstackCOMMON 0007A
IIC_Read_Mulit_Data@i         cstackCOMMON 0007C
IIC_Read_Mulit_Data@status    cstackCOMMON 0007B
IIC_WriteByte@i               cstackCOMMON 00074
IIC_WriteByte@status          cstackCOMMON 00073
IIC_WriteByte@wdata           cstackCOMMON 00072
_ANSELA                       (abs)        0018C
_ANSELB                       (abs)        0018D
_CARRY                        (abs)        00018
_DelayMS                      text18       005F0
_DelayUS                      text17       00536
_EEADR                        (abs)        00191
_EEADRL                       (abs)        00191
_EECON1                       (abs)        00195
_EECON1bits                   (abs)        00195
_EECON2                       (abs)        00196
_EEDATA                       (abs)        00193
_EEDATL                       (abs)        00193
_GIE                          (abs)        0005F
_IIC_ReadByte                 text16       0060D
_IIC_Read_Mulit_Data          text10       00639
_IIC_Start                    text15       005AD
_IIC_Stop                     text14       0058B
_IIC_WriteACK                 text13       00554
_IIC_WriteByte                text12       0067C
_IIC_Writenoack               text11       0054A
_INTCON                       (abs)        0000B
_INTCONbits                   (abs)        0000B
_IRCF0                        (abs)        004CB
_IRCF1                        (abs)        004CC
_IRCF2                        (abs)        004CD
_IRCF3                        (abs)        004CE
_LATA                         (abs)        0010C
_LATC                         (abs)        0010E
_OPTION_REG                   (abs)        00095
_OSCCON                       (abs)        00099
_PIR2bits                     (abs)        00012
_PORTA                        (abs)        0000C
_PORTC                        (abs)        0000E
_RB0                          (abs)        00068
_RB1                          (abs)        00069
_RB2                          (abs)        0006A
_RB3                          (abs)        0006B
_RC2                          (abs)        00072
_RC3                          (abs)        00073
_RD                           (abs)        00CA8
_TRISA                        (abs)        0008C
_TRISA1                       (abs)        00461
_TRISB                        (abs)        0008D
_TRISC                        (abs)        0008E
_TRISC3                       (abs)        00473
_TRISC4                       (abs)        00474
_WPUB                         (abs)        0020D
_WR                           (abs)        00CA9
_WREN                         (abs)        00CAA
__CFG_BOREN$OFF               (abs)        00000
__CFG_BORV$LO                 (abs)        00000
__CFG_CLKOUTEN$OFF            (abs)        00000
__CFG_CP$OFF                  (abs)        00000
__CFG_CPD$OFF                 (abs)        00000
__CFG_FCMEN$ON                (abs)        00000
__CFG_FOSC$ECH                (abs)        00000
__CFG_IESO$ON                 (abs)        00000
__CFG_LPBOR$OFF               (abs)        00000
__CFG_LVP$OFF                 (abs)        00000
__CFG_MCLRE$ON                (abs)        00000
__CFG_PLLEN$ON                (abs)        00000
__CFG_PWRTE$ON                (abs)        00000
__CFG_STVREN$ON               (abs)        00000
__CFG_VCAPEN$OFF              (abs)        00000
__CFG_WDTE$OFF                (abs)        00000
__CFG_WRT$OFF                 (abs)        00000
__Habs1                       abs1         00000
__Hbank0                      bank0        00000
__Hbank1                      bank1        00000
__Hbank10                     bank10       00000
__Hbank11                     bank11       00000
__Hbank12                     bank12       00000
__Hbank13                     bank13       00000
__Hbank14                     bank14       00000
__Hbank15                     bank15       00000
__Hbank16                     bank16       00000
__Hbank17                     bank17       00000
__Hbank18                     bank18       00000
__Hbank19                     bank19       00000
__Hbank2                      bank2        00000
__Hbank20                     bank20       00000
__Hbank21                     bank21       00000
__Hbank22                     bank22       00000
__Hbank23                     bank23       00000
__Hbank24                     bank24       00000
__Hbank25                     bank25       00000
__Hbank26                     bank26       00000
__Hbank27                     bank27       00000
__Hbank28                     bank28       00000
__Hbank29                     bank29       00000
__Hbank3                      bank3        00000
__Hbank30                     bank30       00000
__Hbank31                     bank31       00000
__Hbank4                      bank4        00000
__Hbank5                      bank5        00000
__Hbank6                      bank6        00000
__Hbank7                      bank7        00000
__Hbank8                      bank8        00000
__Hbank9                      bank9        00000
__Hbigram                     bigram       00000
__HbssBANK0                   bssBANK0     00000
__Hcinit                      cinit        00800
__Hclrtext                    clrtext      00000
__Hcode                       code         00000
__Hcommon                     common       00000
__Hconfig                     config       08009
__HcstackBANK0                cstackBANK0  00000
__HcstackCOMMON               cstackCOMMON 00000
__HdataBANK0                  dataBANK0    00000
__Heeprom_data                eeprom_data  00000
__Hend_init                   end_init     00005
__Hfunctab                    functab      00000
__HidataBANK0                 idataBANK0   00000
__Hidloc                      idloc        00000
__Hinit                       init         00003
__Hinittext                   inittext     00000
__Hintentry                   intentry     00003
__Hmaintext                   maintext     00000
__HnvBANK0                    nvBANK0      00000
__Hpowerup                    powerup      00000
__Hram                        ram          00000
__Hreset_vec                  reset_vec    00003
__Hsfr0                       sfr0         00000
__Hsfr1                       sfr1         00000
__Hsfr10                      sfr10        00000
__Hsfr11                      sfr11        00000
__Hsfr12                      sfr12        00000
__Hsfr13                      sfr13        00000
__Hsfr14                      sfr14        00000
__Hsfr15                      sfr15        00000
__Hsfr16                      sfr16        00000
__Hsfr17                      sfr17        00000
__Hsfr18                      sfr18        00000
__Hsfr19                      sfr19        00000
__Hsfr2                       sfr2         00000
__Hsfr20                      sfr20        00000
__Hsfr21                      sfr21        00000
__Hsfr22                      sfr22        00000
__Hsfr23                      sfr23        00000
__Hsfr24                      sfr24        00000
__Hsfr25                      sfr25        00000
__Hsfr26                      sfr26        00000
__Hsfr27                      sfr27        00000
__Hsfr28                      sfr28        00000
__Hsfr29                      sfr29        00000
__Hsfr3                       sfr3         00000
__Hsfr30                      sfr30        00000
__Hsfr31                      sfr31        00000
__Hsfr4                       sfr4         00000
__Hsfr5                       sfr5         00000
__Hsfr6                       sfr6         00000
__Hsfr7                       sfr7         00000
__Hsfr8                       sfr8         00000
__Hsfr9                       sfr9         00000
__Hspace_0                    (abs)        08009
__Hspace_1                    (abs)        0007D
__Hspace_2                    (abs)        00000
__Hspace_3                    (abs)        00000
__Hstack                      stack        00000
__Hstrings                    strings      00000
__Hstringtext                 stringtext   00000
__Htext                       text         00000
__Labs1                       abs1         00000
__Lbank0                      bank0        00000
__Lbank1                      bank1        00000
__Lbank10                     bank10       00000
__Lbank11                     bank11       00000
__Lbank12                     bank12       00000
__Lbank13                     bank13       00000
__Lbank14                     bank14       00000
__Lbank15                     bank15       00000
__Lbank16                     bank16       00000
__Lbank17                     bank17       00000
__Lbank18                     bank18       00000
__Lbank19                     bank19       00000
__Lbank2                      bank2        00000
__Lbank20                     bank20       00000
__Lbank21                     bank21       00000
__Lbank22                     bank22       00000
__Lbank23                     bank23       00000
__Lbank24                     bank24       00000
__Lbank25                     bank25       00000
__Lbank26                     bank26       00000
__Lbank27                     bank27       00000
__Lbank28                     bank28       00000
__Lbank29                     bank29       00000
__Lbank3                      bank3        00000
__Lbank30                     bank30       00000
__Lbank31                     bank31       00000
__Lbank4                      bank4        00000
__Lbank5                      bank5        00000
__Lbank6                      bank6        00000
__Lbank7                      bank7        00000
__Lbank8                      bank8        00000
__Lbank9                      bank9        00000
__Lbigram                     bigram       00000
__LbssBANK0                   bssBANK0     00000
__Lcinit                      cinit        007EC
__Lclrtext                    clrtext      00000
__Lcode                       code         00000
__Lcommon                     common       00000
__Lconfig                     config       08007
__LcstackBANK0                cstackBANK0  00000
__LcstackCOMMON               cstackCOMMON 00000
__LdataBANK0                  dataBANK0    00000
__Leeprom_data                eeprom_data  00000
__Lend_init                   end_init     00003
__Lfunctab                    functab      00000
__LidataBANK0                 idataBANK0   00000
__Lidloc                      idloc        00000
__Linit                       init         00003
__Linittext                   inittext     00000
__Lintentry                   intentry     00003
__Lmaintext                   maintext     00000
__LnvBANK0                    nvBANK0      00000
__Lpowerup                    powerup      00000
__Lram                        ram          00000
__Lreset_vec                  reset_vec    00000
__Lsfr0                       sfr0         00000
__Lsfr1                       sfr1         00000
__Lsfr10                      sfr10        00000
__Lsfr11                      sfr11        00000
__Lsfr12                      sfr12        00000
__Lsfr13                      sfr13        00000
__Lsfr14                      sfr14        00000
__Lsfr15                      sfr15        00000
__Lsfr16                      sfr16        00000
__Lsfr17                      sfr17        00000
__Lsfr18                      sfr18        00000
__Lsfr19                      sfr19        00000
__Lsfr2                       sfr2         00000
__Lsfr20                      sfr20        00000
__Lsfr21                      sfr21        00000
__Lsfr22                      sfr22        00000
__Lsfr23                      sfr23        00000
__Lsfr24                      sfr24        00000
__Lsfr25                      sfr25        00000
__Lsfr26                      sfr26        00000
__Lsfr27                      sfr27        00000
__Lsfr28                      sfr28        00000
__Lsfr29                      sfr29        00000
__Lsfr3                       sfr3         00000
__Lsfr30                      sfr30        00000
__Lsfr31                      sfr31        00000
__Lsfr4                       sfr4         00000
__Lsfr5                       sfr5         00000
__Lsfr6                       sfr6         00000
__Lsfr7                       sfr7         00000
__Lsfr8                       sfr8         00000
__Lsfr9                       sfr9         00000
__Lspace_0                    (abs)        00000
__Lspace_1                    (abs)        00000
__Lspace_2                    (abs)        00000
__Lspace_3                    (abs)        00000
__Lstack                      stack        00000
__Lstrings                    strings      00000
__Lstringtext                 stringtext   00000
__Ltext                       text         00000
__S0                          (abs)        08009
__S1                          (abs)        0007D
__S2                          (abs)        00000
__S3                          (abs)        00000
___awdiv                      text9        0070C
___awdiv@counter              cstackCOMMON 00075
___awdiv@dividend             cstackCOMMON 00072
___awdiv@divisor              cstackCOMMON 00070
___awdiv@quotient             cstackCOMMON 00077
___awdiv@sign                 cstackCOMMON 00076
___int_sp                     stack        00000
___latbits                    (abs)        00002
___sp                         stack        00000
__end_of_DelayMS              text18       0060D
__end_of_DelayUS              text17       0053C
__end_of_IIC_ReadByte         text16       00639
__end_of_IIC_Read_Mulit_Data  text10       0067C
__end_of_IIC_Start            text15       005C2
__end_of_IIC_Stop             text14       0059B
__end_of_IIC_WriteACK         text13       00561
__end_of_IIC_WriteByte        text12       006C4
__end_of_IIC_Writenoack       text11       00554
__end_of___awdiv              text9        0075D
__end_of__initialization      cinit        007FD
__end_of_delay                text8        0058B
__end_of_display              text7        0070C
__end_of_eeprom_read          text6        005F0
__end_of_initDisplay          text5        005D8
__end_of_initEEPROM           text4        00536
__end_of_initII2              text3        0054A
__end_of_main                 maintext     007EC
__end_of_my_printf            text2        005AD
__end_of_portBInit            text1        0056E
__end_of_table                stringtext   00816
__initialization              cinit        007EC
__pbssBANK0                   bssBANK0     00042
__pcstackBANK0                cstackBANK0  00020
__pcstackCOMMON               cstackCOMMON 00070
__pdataBANK0                  dataBANK0    00034
__pidataBANK0                 idataBANK0   0056E
__pmaintext                   maintext     0075D
__pnvBANK0                    nvBANK0      00048
__pstringtext                 stringtext   00800
__ptext1                      text1        00561
__ptext10                     text10       00639
__ptext11                     text11       0054A
__ptext12                     text12       0067C
__ptext13                     text13       00554
__ptext14                     text14       0058B
__ptext15                     text15       005AD
__ptext16                     text16       0060D
__ptext17                     text17       00536
__ptext18                     text18       005F0
__ptext2                      text2        0059B
__ptext3                      text3        00542
__ptext4                      text4        00531
__ptext5                      text5        005C2
__ptext6                      text6        005D8
__ptext7                      text7        006C4
__ptext8                      text8        0057C
__ptext9                      text9        0070C
__size_of_DelayMS             (abs)        00000
__size_of_DelayUS             (abs)        00000
__size_of_IIC_ReadByte        (abs)        00000
__size_of_IIC_Read_Mulit_Data (abs)        00000
__size_of_IIC_Start           (abs)        00000
__size_of_IIC_Stop            (abs)        00000
__size_of_IIC_WriteACK        (abs)        00000
__size_of_IIC_WriteByte       (abs)        00000
__size_of_IIC_Writenoack      (abs)        00000
__size_of___awdiv             (abs)        00000
__size_of_delay               (abs)        00000
__size_of_display             (abs)        00000
__size_of_eeprom_read         (abs)        00000
__size_of_initDisplay         (abs)        00000
__size_of_initEEPROM          (abs)        00000
__size_of_initII2             (abs)        00000
__size_of_main                (abs)        00000
__size_of_my_printf           (abs)        00000
__size_of_portBInit           (abs)        00000
_delay                        text8        0057C
_display                      text7        006C4
_eeprom_read                  text6        005D8
_highCount                    dataBANK0    0003C
_init                         dataBANK0    00034
_initDisplay                  text5        005C2
_initEEPROM                   text4        00531
_initII2                      text3        00542
_key                          nvBANK0      00048
_lowCount                     dataBANK0    0003E
_main                         maintext     0075D
_my_printf                    text2        0059B
_oldPin                       bssBANK0     00042
_portBInit                    text1        00561
_pressCount                   bssBANK0     00044
_recive                       bssBANK0     00046
_table                        stringtext   00800
_type                         dataBANK0    00040
btemp                         (abs)        0007E
delay@i                       cstackCOMMON 00070
eeprom_read@addr              cstackCOMMON 00073
end_of_initialization         cinit        007FD
init_ram                      inittext     0053C
intlevel0                     functab      00000
intlevel1                     functab      00000
intlevel2                     functab      00000
intlevel3                     functab      00000
intlevel4                     functab      00000
intlevel5                     functab      00000
ltemp                         (abs)        0007E
ltemp0                        (abs)        0007E
ltemp1                        (abs)        00082
ltemp2                        (abs)        00086
ltemp3                        (abs)        00080
my_printf@a                   cstackBANK0  00020
my_printf@b                   cstackBANK0  00022
my_printf@c                   cstackBANK0  00024
my_printf@d                   cstackBANK0  00026
reset_vec                     reset_vec    00000
stackhi                       (abs)        023EF
stacklo                       (abs)        0202A
start                         init         00003
start_initialization          cinit        007EC
ttemp                         (abs)        0007E
ttemp0                        (abs)        0007E
ttemp1                        (abs)        00081
ttemp2                        (abs)        00084
ttemp3                        (abs)        00087
ttemp4                        (abs)        0007F
wtemp                         (abs)        0007E
wtemp0                        (abs)        0007E
wtemp1                        (abs)        00080
wtemp2                        (abs)        00082
wtemp3                        (abs)        00084
wtemp4                        (abs)        00086
wtemp5                        (abs)        00088
wtemp6                        (abs)        0007F


FUNCTION INFORMATION:

 *************** function _main *****************
 Defined at:
		line 65 in file "main.c"
 Parameters:    Size  Location     Type
  argc            2    8[BANK0 ] int 
  argv            2   10[BANK0 ] PTR PTR unsigned char 
 Auto vars:     Size  Location     Type
		None
 Return value:  Size  Location     Type
                  2    8[BANK0 ] int 
 Registers used:
		wreg, fsr0l, fsr0h, fsr1l, fsr1h, status,2, status,0, pclath, cstack
 Tracked objects:
		On entry : 
		On exit  : 
		Unchanged: 
 Data sizes:     COMMON   BANK0   BANK1   BANK2   BANK3   BANK4   BANK5   BANK6   BANK7   BANK8   BANK9  BANK10  BANK11  BANK12
      Params:         0       4       0       0       0       0       0       0       0       0       0       0       0       0
      Locals:         0       0       0       0       0       0       0       0       0       0       0       0       0       0
      Temps:          0       8       0       0       0       0       0       0       0       0       0       0       0       0
      Totals:         0      12       0       0       0       0       0       0       0       0       0       0       0       0
Total ram usage:       12 bytes
 Hardware stack levels required when called:    3
 This function calls:
		_DelayMS
		_IIC_Read_Mulit_Data
		___awdiv
		_display
		_eeprom_read
		_initDisplay
		_initEEPROM
		_initII2
		_my_printf
		_portBInit
 This function is called by:
		Startup code after reset
 This function uses a non-reentrant model


 *************** function _portBInit *****************
 Defined at:
		line 9 in file "Keydriver.c"
 Parameters:    Size  Location     Type
		None
 Auto vars:     Size  Location     Type
		None
 Return value:  Size  Location     Type
                  2    4[None  ] int 
 Registers used:
		wreg, status,2
 Tracked objects:
		On entry : 
		On exit  : 
		Unchanged: 
 Data sizes:     COMMON   BANK0   BANK1   BANK2   BANK3   BANK4   BANK5   BANK6   BANK7   BANK8   BANK9  BANK10  BANK11  BANK12
      Params:         0       0       0       0       0       0       0       0       0       0       0       0       0       0
      Locals:         0       0       0       0       0       0       0       0       0       0       0       0       0       0
      Temps:          0       0       0       0       0       0       0       0       0       0       0       0       0       0
      Totals:         0       0       0       0       0       0       0       0       0       0       0       0       0       0
Total ram usage:        0 bytes
 Hardware stack levels used:    1
 This function calls:
		Nothing
 This function is called by:
		_main
 This function uses a non-reentrant model


 *************** function _my_printf *****************
 Defined at:
		line 69 in file "Display.c"
 Parameters:    Size  Location     Type
  a               2    0[BANK0 ] int 
  b               2    2[BANK0 ] int 
  c               2    4[BANK0 ] int 
  d               2    6[BANK0 ] int 
 Auto vars:     Size  Location     Type
		None
 Return value:  Size  Location     Type
                  1    wreg      void 
 Registers used:
		wreg
 Tracked objects:
		On entry : 
		On exit  : 
		Unchanged: 
 Data sizes:     COMMON   BANK0   BANK1   BANK2   BANK3   BANK4   BANK5   BANK6   BANK7   BANK8   BANK9  BANK10  BANK11  BANK12
      Params:         0       8       0       0       0       0       0       0       0       0       0       0       0       0
      Locals:         0       0       0       0       0       0       0       0       0       0       0       0       0       0
      Temps:          0       0       0       0       0       0       0       0       0       0       0       0       0       0
      Totals:         0       8       0       0       0       0       0       0       0       0       0       0       0       0
Total ram usage:        8 bytes
 Hardware stack levels used:    1
 This function calls:
		Nothing
 This function is called by:
		_main
 This function uses a non-reentrant model


 *************** function _initII2 *****************
 Defined at:
		line 310 in file "II2.c"
 Parameters:    Size  Location     Type
		None
 Auto vars:     Size  Location     Type
		None
 Return value:  Size  Location     Type
                  1    wreg      void 
 Registers used:
		None
 Tracked objects:
		On entry : 
		On exit  : 
		Unchanged: 
 Data sizes:     COMMON   BANK0   BANK1   BANK2   BANK3   BANK4   BANK5   BANK6   BANK7   BANK8   BANK9  BANK10  BANK11  BANK12
      Params:         0       0       0       0       0       0       0       0       0       0       0       0       0       0
      Locals:         0       0       0       0       0       0       0       0       0       0       0       0       0       0
      Temps:          0       0       0       0       0       0       0       0       0       0       0       0       0       0
      Totals:         0       0       0       0       0       0       0       0       0       0       0       0       0       0
Total ram usage:        0 bytes
 Hardware stack levels used:    1
 This function calls:
		Nothing
 This function is called by:
		_main
 This function uses a non-reentrant model


 *************** function _initEEPROM *****************
 Defined at:
		line 6 in file "EEPROM.c"
 Parameters:    Size  Location     Type
		None
 Auto vars:     Size  Location     Type
		None
 Return value:  Size  Location     Type
                  2    6[None  ] int 
 Registers used:
		status,2
 Tracked objects:
		On entry : 
		On exit  : 
		Unchanged: 
 Data sizes:     COMMON   BANK0   BANK1   BANK2   BANK3   BANK4   BANK5   BANK6   BANK7   BANK8   BANK9  BANK10  BANK11  BANK12
      Params:         0       0       0       0       0       0       0       0       0       0       0       0       0       0
      Locals:         0       0       0       0       0       0       0       0       0       0       0       0       0       0
      Temps:          0       0       0       0       0       0       0       0       0       0       0       0       0       0
      Totals:         0       0       0       0       0       0       0       0       0       0       0       0       0       0
Total ram usage:        0 bytes
 Hardware stack levels used:    1
 This function calls:
		Nothing
 This function is called by:
		_main
 This function uses a non-reentrant model


 *************** function _initDisplay *****************
 Defined at:
		line 14 in file "Display.c"
 Parameters:    Size  Location     Type
		None
 Auto vars:     Size  Location     Type
		None
 Return value:  Size  Location     Type
                  1    wreg      void 
 Registers used:
		wreg, status,2
 Tracked objects:
		On entry : 
		On exit  : 
		Unchanged: 
 Data sizes:     COMMON   BANK0   BANK1   BANK2   BANK3   BANK4   BANK5   BANK6   BANK7   BANK8   BANK9  BANK10  BANK11  BANK12
      Params:         0       0       0       0       0       0       0       0       0       0       0       0       0       0
      Locals:         0       0       0       0       0       0       0       0       0       0       0       0       0       0
      Temps:          0       0       0       0       0       0       0       0       0       0       0       0       0       0
      Totals:         0       0       0       0       0       0       0       0       0       0       0       0       0       0
Total ram usage:        0 bytes
 Hardware stack levels used:    1
 This function calls:
		Nothing
 This function is called by:
		_main
 This function uses a non-reentrant model


 *************** function _eeprom_read *****************
 Defined at:
		line 6 in file "E:\softwore\MPLABX\sources\pic\eeread.c"
 Parameters:    Size  Location     Type
  addr            1    wreg     unsigned char 
 Auto vars:     Size  Location     Type
  addr            1    3[COMMON] unsigned char 
 Return value:  Size  Location     Type
                  1    wreg      unsigned char 
 Registers used:
		wreg, status,2, status,0
 Tracked objects:
		On entry : 
		On exit  : 
		Unchanged: 
 Data sizes:     COMMON   BANK0   BANK1   BANK2   BANK3   BANK4   BANK5   BANK6   BANK7   BANK8   BANK9  BANK10  BANK11  BANK12
      Params:         0       0       0       0       0       0       0       0       0       0       0       0       0       0
      Locals:         1       0       0       0       0       0       0       0       0       0       0       0       0       0
      Temps:          3       0       0       0       0       0       0       0       0       0       0       0       0       0
      Totals:         4       0       0       0       0       0       0       0       0       0       0       0       0       0
Total ram usage:        4 bytes
 Hardware stack levels used:    1
 This function calls:
		Nothing
 This function is called by:
		_main
 This function uses a non-reentrant model


 *************** function _display *****************
 Defined at:
		line 36 in file "Display.c"
 Parameters:    Size  Location     Type
		None
 Auto vars:     Size  Location     Type
		None
 Return value:  Size  Location     Type
                  1    wreg      void 
 Registers used:
		wreg, fsr0l, fsr0h, status,2, status,0, pclath, cstack
 Tracked objects:
		On entry : 
		On exit  : 
		Unchanged: 
 Data sizes:     COMMON   BANK0   BANK1   BANK2   BANK3   BANK4   BANK5   BANK6   BANK7   BANK8   BANK9  BANK10  BANK11  BANK12
      Params:         0       0       0       0       0       0       0       0       0       0       0       0       0       0
      Locals:         0       0       0       0       0       0       0       0       0       0       0       0       0       0
      Temps:          0       0       0       0       0       0       0       0       0       0       0       0       0       0
      Totals:         0       0       0       0       0       0       0       0       0       0       0       0       0       0
Total ram usage:        0 bytes
 Hardware stack levels used:    1
 Hardware stack levels required when called:    1
 This function calls:
		_delay
 This function is called by:
		_main
 This function uses a non-reentrant model


 *************** function _delay *****************
 Defined at:
		line 61 in file "Display.c"
 Parameters:    Size  Location     Type
		None
 Auto vars:     Size  Location     Type
  i               2    0[COMMON] int 
 Return value:  Size  Location     Type
                  1    wreg      void 
 Registers used:
		wreg, status,2, status,0
 Tracked objects:
		On entry : 
		On exit  : 
		Unchanged: 
 Data sizes:     COMMON   BANK0   BANK1   BANK2   BANK3   BANK4   BANK5   BANK6   BANK7   BANK8   BANK9  BANK10  BANK11  BANK12
      Params:         0       0       0       0       0       0       0       0       0       0       0       0       0       0
      Locals:         2       0       0       0       0       0       0       0       0       0       0       0       0       0
      Temps:          0       0       0       0       0       0       0       0       0       0       0       0       0       0
      Totals:         2       0       0       0       0       0       0       0       0       0       0       0       0       0
Total ram usage:        2 bytes
 Hardware stack levels used:    1
 This function calls:
		Nothing
 This function is called by:
		_display
 This function uses a non-reentrant model


 *************** function ___awdiv *****************
 Defined at:
		line 6 in file "E:\softwore\MPLABX\sources\common\awdiv.c"
 Parameters:    Size  Location     Type
  divisor         2    0[COMMON] int 
  dividend        2    2[COMMON] int 
 Auto vars:     Size  Location     Type
  quotient        2    7[COMMON] int 
  sign            1    6[COMMON] unsigned char 
  counter         1    5[COMMON] unsigned char 
 Return value:  Size  Location     Type
                  2    0[COMMON] int 
 Registers used:
		wreg, status,2, status,0
 Tracked objects:
		On entry : 
		On exit  : 
		Unchanged: 
 Data sizes:     COMMON   BANK0   BANK1   BANK2   BANK3   BANK4   BANK5   BANK6   BANK7   BANK8   BANK9  BANK10  BANK11  BANK12
      Params:         4       0       0       0       0       0       0       0       0       0       0       0       0       0
      Locals:         4       0       0       0       0       0       0       0       0       0       0       0       0       0
      Temps:          1       0       0       0       0       0       0       0       0       0       0       0       0       0
      Totals:         9       0       0       0       0       0       0       0       0       0       0       0       0       0
Total ram usage:        9 bytes
 Hardware stack levels used:    1
 This function calls:
		Nothing
 This function is called by:
		_main
 This function uses a non-reentrant model


 *************** function _IIC_Read_Mulit_Data *****************
 Defined at:
		line 254 in file "II2.c"
 Parameters:    Size  Location     Type
  commond         1    wreg     unsigned char 
  address         1    5[COMMON] unsigned char 
  addrpoint       1    6[COMMON] PTR unsigned char 
		 -> recive(2), 
  bytenum         1    7[COMMON] unsigned char 
 Auto vars:     Size  Location     Type
  commond         1   10[COMMON] unsigned char 
  i               1   12[COMMON] unsigned char 
  status          1   11[COMMON] unsigned char 
 Return value:  Size  Location     Type
                  1    wreg      void 
 Registers used:
		wreg, fsr1l, fsr1h, status,2, status,0, pclath, cstack
 Tracked objects:
		On entry : 
		On exit  : 
		Unchanged: 
 Data sizes:     COMMON   BANK0   BANK1   BANK2   BANK3   BANK4   BANK5   BANK6   BANK7   BANK8   BANK9  BANK10  BANK11  BANK12
      Params:         3       0       0       0       0       0       0       0       0       0       0       0       0       0
      Locals:         3       0       0       0       0       0       0       0       0       0       0       0       0       0
      Temps:          2       0       0       0       0       0       0       0       0       0       0       0       0       0
      Totals:         8       0       0       0       0       0       0       0       0       0       0       0       0       0
Total ram usage:        8 bytes
 Hardware stack levels used:    1
 Hardware stack levels required when called:    2
 This function calls:
		_DelayUS
		_IIC_ReadByte
		_IIC_Start
		_IIC_Stop
		_IIC_WriteACK
		_IIC_WriteByte
		_IIC_Writenoack
 This function is called by:
		_main
 This function uses a non-reentrant model


 *************** function _IIC_Writenoack *****************
 Defined at:
		line 69 in file "II2.c"
 Parameters:    Size  Location     Type
		None
 Auto vars:     Size  Location     Type
		None
 Return value:  Size  Location     Type
                  1    wreg      void 
 Registers used:
		None
 Tracked objects:
		On entry : 
		On exit  : 
		Unchanged: 
 Data sizes:     COMMON   BANK0   BANK1   BANK2   BANK3   BANK4   BANK5   BANK6   BANK7   BANK8   BANK9  BANK10  BANK11  BANK12
      Params:         0       0       0       0       0       0       0       0       0       0       0       0       0       0
      Locals:         0       0       0       0       0       0       0       0       0       0       0       0       0       0
      Temps:          0       0       0       0       0       0       0       0       0       0       0       0       0       0
      Totals:         0       0       0       0       0       0       0       0       0       0       0       0       0       0
Total ram usage:        0 bytes
 Hardware stack levels used:    1
 This function calls:
		Nothing
 This function is called by:
		_IIC_Read_Mulit_Data
 This function uses a non-reentrant model


 *************** function _IIC_WriteByte *****************
 Defined at:
		line 134 in file "II2.c"
 Parameters:    Size  Location     Type
  wdata           1    wreg     unsigned char 
 Auto vars:     Size  Location     Type
  wdata           1    2[COMMON] unsigned char 
  i               1    4[COMMON] unsigned char 
  status          1    3[COMMON] unsigned char 
 Return value:  Size  Location     Type
                  1    wreg      unsigned char 
 Registers used:
		wreg, status,2, status,0, pclath, cstack
 Tracked objects:
		On entry : 
		On exit  : 
		Unchanged: 
 Data sizes:     COMMON   BANK0   BANK1   BANK2   BANK3   BANK4   BANK5   BANK6   BANK7   BANK8   BANK9  BANK10  BANK11  BANK12
      Params:         0       0       0       0       0       0       0       0       0       0       0       0       0       0
      Locals:         3       0       0       0       0       0       0       0       0       0       0       0       0       0
      Temps:          1       0       0       0       0       0       0       0       0       0       0       0       0       0
      Totals:         4       0       0       0       0       0       0       0       0       0       0       0       0       0
Total ram usage:        4 bytes
 Hardware stack levels used:    1
 Hardware stack levels required when called:    1
 This function calls:
		_DelayUS
 This function is called by:
		_IIC_Read_Mulit_Data
 This function uses a non-reentrant model


 *************** function _IIC_WriteACK *****************
 Defined at:
		line 45 in file "II2.c"
 Parameters:    Size  Location     Type
		None
 Auto vars:     Size  Location     Type
		None
 Return value:  Size  Location     Type
                  1    wreg      void 
 Registers used:
		wreg, status,2, status,0, pclath, cstack
 Tracked objects:
		On entry : 
		On exit  : 
		Unchanged: 
 Data sizes:     COMMON   BANK0   BANK1   BANK2   BANK3   BANK4   BANK5   BANK6   BANK7   BANK8   BANK9  BANK10  BANK11  BANK12
      Params:         0       0       0       0       0       0       0       0       0       0       0       0       0       0
      Locals:         0       0       0       0       0       0       0       0       0       0       0       0       0       0
      Temps:          0       0       0       0       0       0       0       0       0       0       0       0       0       0
      Totals:         0       0       0       0       0       0       0       0       0       0       0       0       0       0
Total ram usage:        0 bytes
 Hardware stack levels used:    1
 Hardware stack levels required when called:    1
 This function calls:
		_DelayUS
 This function is called by:
		_IIC_Read_Mulit_Data
 This function uses a non-reentrant model


 *************** function _IIC_Stop *****************
 Defined at:
		line 116 in file "II2.c"
 Parameters:    Size  Location     Type
		None
 Auto vars:     Size  Location     Type
		None
 Return value:  Size  Location     Type
                  1    wreg      void 
 Registers used:
		wreg, status,2, status,0, pclath, cstack
 Tracked objects:
		On entry : 
		On exit  : 
		Unchanged: 
 Data sizes:     COMMON   BANK0   BANK1   BANK2   BANK3   BANK4   BANK5   BANK6   BANK7   BANK8   BANK9  BANK10  BANK11  BANK12
      Params:         0       0       0       0       0       0       0       0       0       0       0       0       0       0
      Locals:         0       0       0       0       0       0       0       0       0       0       0       0       0       0
      Temps:          0       0       0       0       0       0       0       0       0       0       0       0       0       0
      Totals:         0       0       0       0       0       0       0       0       0       0       0       0       0       0
Total ram usage:        0 bytes
 Hardware stack levels used:    1
 Hardware stack levels required when called:    1
 This function calls:
		_DelayUS
 This function is called by:
		_IIC_Read_Mulit_Data
 This function uses a non-reentrant model


 *************** function _IIC_Start *****************
 Defined at:
		line 93 in file "II2.c"
 Parameters:    Size  Location     Type
		None
 Auto vars:     Size  Location     Type
		None
 Return value:  Size  Location     Type
                  1    wreg      void 
 Registers used:
		wreg, status,2, status,0, pclath, cstack
 Tracked objects:
		On entry : 
		On exit  : 
		Unchanged: 
 Data sizes:     COMMON   BANK0   BANK1   BANK2   BANK3   BANK4   BANK5   BANK6   BANK7   BANK8   BANK9  BANK10  BANK11  BANK12
      Params:         0       0       0       0       0       0       0       0       0       0       0       0       0       0
      Locals:         0       0       0       0       0       0       0       0       0       0       0       0       0       0
      Temps:          0       0       0       0       0       0       0       0       0       0       0       0       0       0
      Totals:         0       0       0       0       0       0       0       0       0       0       0       0       0       0
Total ram usage:        0 bytes
 Hardware stack levels used:    1
 Hardware stack levels required when called:    1
 This function calls:
		_DelayUS
 This function is called by:
		_IIC_Read_Mulit_Data
 This function uses a non-reentrant model


 *************** function _IIC_ReadByte *****************
 Defined at:
		line 214 in file "II2.c"
 Parameters:    Size  Location     Type
		None
 Auto vars:     Size  Location     Type
  i               1    3[COMMON] unsigned char 
  bytedata        1    2[COMMON] unsigned char 
 Return value:  Size  Location     Type
                  1    wreg      unsigned char 
 Registers used:
		wreg, status,2, status,0, pclath, cstack
 Tracked objects:
		On entry : 
		On exit  : 
		Unchanged: 
 Data sizes:     COMMON   BANK0   BANK1   BANK2   BANK3   BANK4   BANK5   BANK6   BANK7   BANK8   BANK9  BANK10  BANK11  BANK12
      Params:         0       0       0       0       0       0       0       0       0       0       0       0       0       0
      Locals:         2       0       0       0       0       0       0       0       0       0       0       0       0       0
      Temps:          1       0       0       0       0       0       0       0       0       0       0       0       0       0
      Totals:         3       0       0       0       0       0       0       0       0       0       0       0       0       0
Total ram usage:        3 bytes
 Hardware stack levels used:    1
 Hardware stack levels required when called:    1
 This function calls:
		_DelayUS
 This function is called by:
		_IIC_Read_Mulit_Data
 This function uses a non-reentrant model


 *************** function _DelayUS *****************
 Defined at:
		line 19 in file "II2.c"
 Parameters:    Size  Location     Type
  delay           1    wreg     unsigned char 
 Auto vars:     Size  Location     Type
  delay           1    0[COMMON] unsigned char 
 Return value:  Size  Location     Type
                  1    wreg      void 
 Registers used:
		wreg, status,2, status,0
 Tracked objects:
		On entry : 
		On exit  : 
		Unchanged: 
 Data sizes:     COMMON   BANK0   BANK1   BANK2   BANK3   BANK4   BANK5   BANK6   BANK7   BANK8   BANK9  BANK10  BANK11  BANK12
      Params:         0       0       0       0       0       0       0       0       0       0       0       0       0       0
      Locals:         1       0       0       0       0       0       0       0       0       0       0       0       0       0
      Temps:          0       0       0       0       0       0       0       0       0       0       0       0       0       0
      Totals:         1       0       0       0       0       0       0       0       0       0       0       0       0       0
Total ram usage:        1 bytes
 Hardware stack levels used:    1
 This function calls:
		Nothing
 This function is called by:
		_IIC_WriteACK
		_IIC_Start
		_IIC_Stop
		_IIC_WriteByte
		_IIC_ReadByte
		_IIC_Read_Mulit_Data
 This function uses a non-reentrant model


 *************** function _DelayMS *****************
 Defined at:
		line 31 in file "II2.c"
 Parameters:    Size  Location     Type
  delay           2    0[COMMON] unsigned int 
 Auto vars:     Size  Location     Type
  i               2    2[COMMON] unsigned int 
 Return value:  Size  Location     Type
                  1    wreg      void 
 Registers used:
		wreg, status,2, status,0
 Tracked objects:
		On entry : 
		On exit  : 
		Unchanged: 
 Data sizes:     COMMON   BANK0   BANK1   BANK2   BANK3   BANK4   BANK5   BANK6   BANK7   BANK8   BANK9  BANK10  BANK11  BANK12
      Params:         2       0       0       0       0       0       0       0       0       0       0       0       0       0
      Locals:         2       0       0       0       0       0       0       0       0       0       0       0       0       0
      Temps:          0       0       0       0       0       0       0       0       0       0       0       0       0       0
      Totals:         4       0       0       0       0       0       0       0       0       0       0       0       0       0
Total ram usage:        4 bytes
 Hardware stack levels used:    1
 This function calls:
		Nothing
 This function is called by:
		_main
 This function uses a non-reentrant model



MODULE INFORMATION

Module		Function		Class		Link	Load	Size
E:\softwore\MPLABX\sources\common\awdiv.c
		___awdiv       		CODE           	070C	0000	82

E:\softwore\MPLABX\sources\common\awdiv.c estimated size: 82

E:\softwore\MPLABX\sources\pic\eeread.c
		_eeprom_read   		CODE           	05D8	0000	25

E:\softwore\MPLABX\sources\pic\eeread.c estimated size: 25

EEPROM.c
		_initEEPROM    		CODE           	0531	0000	6

EEPROM.c estimated size: 6

Keydriver.c
		_portBInit     		CODE           	0561	0000	14

Keydriver.c estimated size: 14

shared
		_table         		STRCODE        	0800	0000	23
		__initialization		CODE           	07EC	0000	18

shared estimated size: 41

Display.c
		_initDisplay   		CODE           	05C2	0000	23
		_delay         		CODE           	057C	0000	16
		_display       		CODE           	06C4	0000	73
		_my_printf     		CODE           	059B	0000	19

Display.c estimated size: 131

II2.c
		_IIC_Stop      		CODE           	058B	0000	17
		_IIC_WriteByte 		CODE           	067C	0000	73
		_DelayUS       		CODE           	0536	0000	7
		_initII2       		CODE           	0542	0000	9
		_IIC_ReadByte  		CODE           	060D	0000	45
		_IIC_Writenoack		CODE           	054A	0000	11
		_DelayMS       		CODE           	05F0	0000	30
		_IIC_Start     		CODE           	05AD	0000	22
		_IIC_Read_Mulit_Data		CODE           	0639	0000	68
		_IIC_WriteACK  		CODE           	0554	0000	14

II2.c estimated size: 296

main.c
		_main          		CODE           	075D	0000	144

main.c estimated size: 144

